../Core/Src/main.c:82:5:main	24	static
../Core/Src/main.c:133:5:BMPReadRaw	32	static
../Core/Src/main.c:157:6:wakeup_BMP280	32	static
../Core/Src/main.c:174:14:bmp280_compensate_T_int32	32	static
../Core/Src/main.c:186:14:bmp280_compensate_P_int32	32	static
../Core/Src/main.c:215:6:BMP280_Measure	8	static
../Core/Src/main.c:250:6:SystemClock_Config	72	static
../Core/Src/main.c:287:13:MX_I2C1_Init	8	static
../Core/Src/main.c:321:13:MX_GPIO_Init	16	static
../Core/Src/main.c:338:6:Error_Handler	4	static,ignoring_inline_asm
