../Core/Src/main.c:82:5:main	8	static
../Core/Src/main.c:137:6:TrimRead	56	static
../Core/Src/main.c:162:5:BMP280_config	48	static
../Core/Src/main.c:216:5:BMPReadRaw	32	static
../Core/Src/main.c:240:6:wakeup_BMP280	32	static
../Core/Src/main.c:257:14:bmp280_compensate_T_int32	32	static
../Core/Src/main.c:269:14:bmp280_compensate_P_int32	32	static
../Core/Src/main.c:298:6:BMP280_Measure	8	static
../Core/Src/main.c:333:6:SystemClock_Config	72	static
../Core/Src/main.c:370:13:MX_I2C1_Init	8	static
../Core/Src/main.c:404:13:MX_GPIO_Init	16	static
../Core/Src/main.c:421:6:Error_Handler	4	static,ignoring_inline_asm
